sat
(
  (define-fun ProcProv5 () Int
    64)
  (define-fun C1_VM8 () Int
    0)
  (define-fun PriceProv8 () Int
    9152)
  (define-fun C2_VM3 () Int
    0)
  (define-fun C2_VM10 () Int
    0)
  (define-fun C1_VM3 () Int
    0)
  (define-fun C3_VM11 () Int
    0)
  (define-fun C10_VM2 () Int
    0)
  (define-fun C6_VM4 () Int
    0)
  (define-fun MemProv9 () Int
    117000)
  (define-fun MemProv10 () Int
    3749)
  (define-fun C2_VM11 () Int
    0)
  (define-fun C2_VM7 () Int
    0)
  (define-fun ProcProv3 () Int
    63)
  (define-fun C2_VM9 () Int
    0)
  (define-fun C3_VM2 () Int
    0)
  (define-fun C7_VM7 () Int
    0)
  (define-fun C1_VM7 () Int
    0)
  (define-fun C2_VM8 () Int
    1)
  (define-fun PriceProv7 () Int
    9152)
  (define-fun C10_VM8 () Int
    0)
  (define-fun C7_VM11 () Int
    0)
  (define-fun C4_VM7 () Int
    1)
  (define-fun C2_VM6 () Int
    0)
  (define-fun StorageProv11 () Int
    8001)
  (define-fun C10_VM7 () Int
    0)
  (define-fun C4_VM11 () Int
    0)
  (define-fun StorageProv3 () Int
    3001)
  (define-fun PriceProv5 () Int
    9152)
  (define-fun C8_VM2 () Int
    1)
  (define-fun C10_VM11 () Int
    0)
  (define-fun PriceProv6 () Int
    9152)
  (define-fun C8_VM1 () Int
    0)
  (define-fun StorageProv4 () Int
    8000)
  (define-fun VM10Type () Int
    0)
  (define-fun PriceProv9 () Int
    0)
  (define-fun C8_VM7 () Int
    1)
  (define-fun VM5Type () Int
    2)
  (define-fun C7_VM9 () Int
    0)
  (define-fun C4_VM8 () Int
    0)
  (define-fun C8_VM5 () Int
    1)
  (define-fun C3_VM10 () Int
    0)
  (define-fun C3_VM6 () Int
    1)
  (define-fun C8_VM6 () Int
    1)
  (define-fun ProcProv8 () Int
    64)
  (define-fun StorageProv10 () Int
    6001)
  (define-fun VM2Type () Int
    2)
  (define-fun C3_VM1 () Int
    0)
  (define-fun C7_VM4 () Int
    0)
  (define-fun C6_VM5 () Int
    0)
  (define-fun C2_VM2 () Int
    1)
  (define-fun C3_VM9 () Int
    0)
  (define-fun C6_VM7 () Int
    0)
  (define-fun MemProv3 () Int
    29999)
  (define-fun ProcProv10 () Int
    31)
  (define-fun C1_VM10 () Int
    0)
  (define-fun C1_VM9 () Int
    0)
  (define-fun C6_VM10 () Int
    0)
  (define-fun C6_VM3 () Int
    0)
  (define-fun C10_VM10 () Int
    0)
  (define-fun VM3Type () Int
    0)
  (define-fun VM7Type () Int
    2)
  (define-fun C6_VM11 () Int
    0)
  (define-fun C3_VM8 () Int
    0)
  (define-fun C6_VM1 () Int
    0)
  (define-fun StorageProv8 () Int
    8000)
  (define-fun C6_VM2 () Int
    0)
  (define-fun C4_VM6 () Int
    0)
  (define-fun VM8Type () Int
    2)
  (define-fun C3_VM7 () Int
    0)
  (define-fun PriceProv4 () Int
    9152)
  (define-fun C10_VM4 () Int
    1)
  (define-fun C6_VM6 () Int
    0)
  (define-fun C1_VM11 () Int
    0)
  (define-fun MemProv11 () Int
    488000)
  (define-fun ProcProv1 () Int
    31)
  (define-fun ProcProv2 () Int
    64)
  (define-fun MemProv5 () Int
    488000)
  (define-fun C10_VM9 () Int
    0)
  (define-fun C7_VM6 () Int
    0)
  (define-fun C1_VM4 () Int
    0)
  (define-fun C4_VM3 () Int
    0)
  (define-fun C4_VM9 () Int
    0)
  (define-fun VM11Type () Int
    0)
  (define-fun PriceProv11 () Int
    0)
  (define-fun C8_VM8 () Int
    1)
  (define-fun MemProv7 () Int
    488000)
  (define-fun C3_VM5 () Int
    0)
  (define-fun C4_VM4 () Int
    0)
  (define-fun C10_VM3 () Int
    0)
  (define-fun VM4Type () Int
    2)
  (define-fun ProcProv7 () Int
    64)
  (define-fun C8_VM10 () Int
    0)
  (define-fun PriceProv2 () Int
    9152)
  (define-fun C6_VM8 () Int
    1)
  (define-fun ProcProv11 () Int
    64)
  (define-fun C7_VM5 () Int
    0)
  (define-fun C2_VM1 () Int
    0)
  (define-fun C3_VM3 () Int
    0)
  (define-fun C8_VM11 () Int
    0)
  (define-fun MemProv6 () Int
    488000)
  (define-fun StorageProv9 () Int
    5999)
  (define-fun C4_VM5 () Int
    0)
  (define-fun C1_VM6 () Int
    0)
  (define-fun C2_VM4 () Int
    0)
  (define-fun C4_VM2 () Int
    0)
  (define-fun C7_VM3 () Int
    0)
  (define-fun C3_VM4 () Int
    0)
  (define-fun PriceProv10 () Int
    0)
  (define-fun VM9Type () Int
    0)
  (define-fun PriceProv3 () Int
    0)
  (define-fun MemProv4 () Int
    488000)
  (define-fun C2_VM5 () Int
    0)
  (define-fun MemProv8 () Int
    488000)
  (define-fun C1_VM1 () Int
    0)
  (define-fun C6_VM9 () Int
    0)
  (define-fun StorageProv6 () Int
    8000)
  (define-fun ProcProv6 () Int
    64)
  (define-fun ProcProv9 () Int
    17)
  (define-fun C1_VM2 () Int
    0)
  (define-fun StorageProv5 () Int
    8000)
  (define-fun VM6Type () Int
    2)
  (define-fun C4_VM10 () Int
    0)
  (define-fun C8_VM3 () Int
    0)
  (define-fun C8_VM9 () Int
    0)
  (define-fun StorageProv1 () Int
    2001)
  (define-fun StorageProv7 () Int
    8000)
  (define-fun C10_VM6 () Int
    0)
  (define-fun C7_VM10 () Int
    0)
  (define-fun MemProv2 () Int
    488000)
  (define-fun C10_VM5 () Int
    0)
  (define-fun C1_VM5 () Int
    1)
  (define-fun VM1Type () Int
    0)
  (define-fun C7_VM8 () Int
    0)
  (define-fun C4_VM1 () Int
    0)
  (define-fun C8_VM4 () Int
    1)
  (define-fun StorageProv2 () Int
    8000)
  (define-fun PriceProv1 () Int
    0)
  (define-fun ProcProv4 () Int
    64)
  (define-fun MemProv1 () Int
    976001)
  (define-fun C7_VM2 () Int
    1)
  (define-fun C9_VM6 () Int
    1)
  (define-fun C9_VM11 () Int
    0)
  (define-fun C5_VM10 () Int
    0)
  (define-fun C9_VM5 () Int
    1)
  (define-fun C5_VM8 () Int
    1)
  (define-fun C9_VM7 () Int
    1)
  (define-fun C5_VM4 () Int
    1)
  (define-fun C5_VM11 () Int
    0)
  (define-fun C9_VM3 () Int
    0)
  (define-fun C9_VM8 () Int
    1)
  (define-fun C5_VM1 () Int
    0)
  (define-fun C5_VM7 () Int
    1)
  (define-fun C5_VM5 () Int
    1)
  (define-fun C9_VM1 () Int
    0)
  (define-fun C9_VM10 () Int
    0)
  (define-fun C5_VM9 () Int
    0)
  (define-fun C9_VM9 () Int
    0)
  (define-fun C5_VM6 () Int
    1)
  (define-fun C5_VM3 () Int
    0)
  (define-fun C7_VM1 () Int
    0)
  (define-fun C9_VM4 () Int
    1)
  (define-fun C5_VM2 () Int
    1)
  (define-fun C10_VM1 () Int
    0)
  (define-fun C9_VM2 () Int
    1)
)
(objectives
 ((+ 0
   PriceProv1
   PriceProv2
   PriceProv3
   PriceProv4
   PriceProv5
   PriceProv6
   PriceProv7
   PriceProv8
   PriceProv9
   PriceProv10
   PriceProv11) 54912)
)
(:added-eqs                   8622890
 :arith-eq-adapter            8210
 :arith-bound-propagations-lp 1521446
 :arith-conflicts             25651
 :arith-diseq                 6147511
 :arith-fixed-eqs             15015
 :arith-lower                 4204846
 :arith-make-feasible         261551
 :arith-max-columns           217
 :arith-max-rows              35
 :arith-upper                 8749821
 :binary-propagations         16426760
 :conflicts                   79521
 :decisions                   144070
 :del-clause                  91461
 :final-checks                5
 :max-memory                  55.34
 :memory                      55.34
 :minimized-lits              536060
 :mk-bool-var                 18597
 :mk-clause                   93076
 :mk-clause-binary            5692
 :num-allocs                  496620514
 :num-checks                  5
 :pb-conflicts                3497
 :pb-predicates               402
 :pb-propagations             143858
 :pb-resolves                 1170
 :propagations                26776040
 :restarts                    326
 :rlimit-count                153813216
 :solve-eqs-elim-vars         24
 :solve-eqs-steps             62
 :time                        8.26
 :total-time                  8.26)
