sat
(
  (define-fun MemProv5 () Int
    244000)
  (define-fun C1_VM8 () Int
    0)
  (define-fun C3_VM7 () Int
    0)
  (define-fun C2_VM3 () Int
    0)
  (define-fun C1_VM3 () Int
    0)
  (define-fun C1_VM10 () Int
    0)
  (define-fun StorageProv11 () Int
    8001)
  (define-fun VM7Type () Int
    467)
  (define-fun C2_VM9 () Int
    0)
  (define-fun C2_VM7 () Int
    1)
  (define-fun C3_VM2 () Int
    0)
  (define-fun C4_VM7 () Int
    0)
  (define-fun C10_VM5 () Int
    0)
  (define-fun C7_VM7 () Int
    0)
  (define-fun C7_VM9 () Int
    1)
  (define-fun C6_VM7 () Int
    1)
  (define-fun C7_VM11 () Int
    0)
  (define-fun C6_VM6 () Int
    0)
  (define-fun MemProv11 () Int
    6999)
  (define-fun MemProv9 () Int
    244000)
  (define-fun C10_VM7 () Int
    0)
  (define-fun C4_VM6 () Int
    0)
  (define-fun C8_VM11 () Int
    0)
  (define-fun C2_VM6 () Int
    0)
  (define-fun C6_VM11 () Int
    0)
  (define-fun StorageProv5 () Int
    8000)
  (define-fun VM1Type () Int
    0)
  (define-fun C3_VM6 () Int
    0)
  (define-fun C4_VM9 () Int
    0)
  (define-fun C4_VM8 () Int
    0)
  (define-fun C8_VM5 () Int
    1)
  (define-fun C7_VM6 () Int
    0)
  (define-fun C3_VM10 () Int
    0)
  (define-fun StorageProv3 () Int
    8000)
  (define-fun C8_VM6 () Int
    1)
  (define-fun PriceProv4 () Int
    0)
  (define-fun C8_VM4 () Int
    0)
  (define-fun VM11Type () Int
    0)
  (define-fun C1_VM5 () Int
    0)
  (define-fun ProcProv8 () Int
    64)
  (define-fun StorageProv10 () Int
    8000)
  (define-fun C7_VM4 () Int
    0)
  (define-fun C3_VM9 () Int
    0)
  (define-fun PriceProv6 () Int
    8140)
  (define-fun ProcProv4 () Int
    32)
  (define-fun C1_VM9 () Int
    1)
  (define-fun C6_VM3 () Int
    0)
  (define-fun C10_VM10 () Int
    0)
  (define-fun PriceProv5 () Int
    7733)
  (define-fun MemProv10 () Int
    488000)
  (define-fun C6_VM1 () Int
    0)
  (define-fun C3_VM8 () Int
    0)
  (define-fun C8_VM2 () Int
    1)
  (define-fun StorageProv8 () Int
    8000)
  (define-fun C6_VM2 () Int
    0)
  (define-fun C10_VM11 () Int
    0)
  (define-fun C6_VM10 () Int
    0)
  (define-fun ProcProv11 () Int
    31)
  (define-fun C2_VM2 () Int
    1)
  (define-fun ProcProv5 () Int
    32)
  (define-fun C1_VM11 () Int
    0)
  (define-fun ProcProv1 () Int
    18)
  (define-fun C6_VM8 () Int
    0)
  (define-fun ProcProv2 () Int
    64)
  (define-fun MemProv4 () Int
    244000)
  (define-fun C10_VM9 () Int
    0)
  (define-fun PriceProv7 () Int
    5856)
  (define-fun C1_VM4 () Int
    0)
  (define-fun C2_VM4 () Int
    0)
  (define-fun C4_VM3 () Int
    0)
  (define-fun C8_VM8 () Int
    0)
  (define-fun VM6Type () Int
    482)
  (define-fun VM9Type () Int
    475)
  (define-fun StorageProv9 () Int
    8000)
  (define-fun C3_VM5 () Int
    0)
  (define-fun C6_VM5 () Int
    0)
  (define-fun C4_VM4 () Int
    0)
  (define-fun StorageProv2 () Int
    8000)
  (define-fun C10_VM3 () Int
    0)
  (define-fun PriceProv10 () Int
    0)
  (define-fun PriceProv1 () Int
    0)
  (define-fun PriceProv2 () Int
    5952)
  (define-fun VM3Type () Int
    486)
  (define-fun C8_VM7 () Int
    1)
  (define-fun C7_VM5 () Int
    0)
  (define-fun C3_VM3 () Int
    1)
  (define-fun C3_VM1 () Int
    0)
  (define-fun C2_VM11 () Int
    0)
  (define-fun C8_VM10 () Int
    0)
  (define-fun VM5Type () Int
    476)
  (define-fun PriceProv8 () Int
    0)
  (define-fun C7_VM10 () Int
    0)
  (define-fun MemProv6 () Int
    244000)
  (define-fun C4_VM5 () Int
    1)
  (define-fun C10_VM4 () Int
    0)
  (define-fun C1_VM1 () Int
    0)
  (define-fun C1_VM6 () Int
    0)
  (define-fun C4_VM2 () Int
    0)
  (define-fun MemProv2 () Int
    488000)
  (define-fun C2_VM5 () Int
    0)
  (define-fun MemProv8 () Int
    256000)
  (define-fun C6_VM9 () Int
    0)
  (define-fun C6_VM4 () Int
    0)
  (define-fun VM10Type () Int
    0)
  (define-fun VM4Type () Int
    0)
  (define-fun StorageProv6 () Int
    8000)
  (define-fun C1_VM2 () Int
    0)
  (define-fun StorageProv1 () Int
    8001)
  (define-fun C8_VM9 () Int
    1)
  (define-fun C4_VM10 () Int
    0)
  (define-fun C8_VM3 () Int
    1)
  (define-fun ProcProv3 () Int
    64)
  (define-fun StorageProv4 () Int
    8000)
  (define-fun C7_VM2 () Int
    0)
  (define-fun StorageProv7 () Int
    8000)
  (define-fun ProcProv9 () Int
    32)
  (define-fun C3_VM11 () Int
    0)
  (define-fun MemProv7 () Int
    488000)
  (define-fun C10_VM8 () Int
    0)
  (define-fun PriceProv3 () Int
    9152)
  (define-fun C4_VM11 () Int
    0)
  (define-fun C7_VM3 () Int
    0)
  (define-fun C7_VM8 () Int
    0)
  (define-fun C2_VM1 () Int
    0)
  (define-fun MemProv1 () Int
    488001)
  (define-fun MemProv3 () Int
    488000)
  (define-fun ProcProv7 () Int
    64)
  (define-fun VM8Type () Int
    0)
  (define-fun C1_VM7 () Int
    0)
  (define-fun C10_VM6 () Int
    1)
  (define-fun C2_VM8 () Int
    0)
  (define-fun C3_VM4 () Int
    0)
  (define-fun VM2Type () Int
    468)
  (define-fun C4_VM1 () Int
    0)
  (define-fun ProcProv10 () Int
    64)
  (define-fun PriceProv9 () Int
    7502)
  (define-fun C10_VM2 () Int
    0)
  (define-fun C8_VM1 () Int
    0)
  (define-fun PriceProv11 () Int
    0)
  (define-fun ProcProv6 () Int
    32)
  (define-fun C2_VM10 () Int
    0)
  (define-fun C9_VM6 () Int
    1)
  (define-fun C9_VM11 () Int
    0)
  (define-fun C5_VM10 () Int
    0)
  (define-fun C9_VM5 () Int
    1)
  (define-fun C5_VM8 () Int
    0)
  (define-fun C9_VM7 () Int
    1)
  (define-fun C5_VM4 () Int
    0)
  (define-fun C5_VM11 () Int
    0)
  (define-fun C9_VM3 () Int
    1)
  (define-fun C9_VM8 () Int
    0)
  (define-fun C5_VM1 () Int
    0)
  (define-fun C5_VM7 () Int
    1)
  (define-fun C5_VM5 () Int
    1)
  (define-fun C9_VM1 () Int
    0)
  (define-fun C9_VM10 () Int
    0)
  (define-fun C5_VM9 () Int
    1)
  (define-fun C9_VM9 () Int
    1)
  (define-fun C5_VM6 () Int
    1)
  (define-fun C5_VM3 () Int
    1)
  (define-fun C7_VM1 () Int
    0)
  (define-fun C9_VM4 () Int
    0)
  (define-fun C5_VM2 () Int
    1)
  (define-fun C10_VM1 () Int
    0)
  (define-fun C9_VM2 () Int
    1)
)
(objectives
 ((+ C1_VM1
   C1_VM2
   C1_VM3
   C1_VM4
   C1_VM5
   C1_VM6
   C1_VM7
   C1_VM8
   C1_VM9
   C1_VM10
   C1_VM11
   C2_VM1
   C2_VM2
   C2_VM3
   C2_VM4
   C2_VM5
   C2_VM6
   C2_VM7
   C2_VM8
   C2_VM9
   C2_VM10
   C2_VM11
   C3_VM1
   C3_VM2
   C3_VM3
   C3_VM4
   C3_VM5
   C3_VM6
   C3_VM7
   C3_VM8
   C3_VM9
   C3_VM10
   C3_VM11
   C4_VM1
   C4_VM2
   C4_VM3
   C4_VM4
   C4_VM5
   C4_VM6
   C4_VM7
   C4_VM8
   C4_VM9
   C4_VM10
   C4_VM11
   C5_VM1
   C5_VM2
   C5_VM3
   C5_VM4
   C5_VM5
   C5_VM6
   C5_VM7
   C5_VM8
   C5_VM9
   C5_VM10
   C5_VM11
   C6_VM1
   C6_VM2
   C6_VM3
   C6_VM4
   C6_VM5
   C6_VM6
   C6_VM7
   C6_VM8
   C6_VM9
   C6_VM10
   C6_VM11
   C7_VM1
   C7_VM2
   C7_VM3
   C7_VM4
   C7_VM5
   C7_VM6
   C7_VM7
   C7_VM8
   C7_VM9
   C7_VM10
   C7_VM11
   C8_VM1
   C8_VM2
   C8_VM3
   C8_VM4
   C8_VM5
   C8_VM6
   C8_VM7
   C8_VM8
   C8_VM9
   C8_VM10
   C8_VM11
   C9_VM1
   C9_VM2
   C9_VM3
   C9_VM4
   C9_VM5
   C9_VM6
   C9_VM7
   C9_VM8
   C9_VM9
   C9_VM10
   C9_VM11
   C10_VM1
   C10_VM2
   C10_VM3
   C10_VM4
   C10_VM5
   C10_VM6
   C10_VM7
   C10_VM8
   C10_VM9
   C10_VM10
   C10_VM11) 26)
)
(:added-eqs                   75571005
 :arith-eq-adapter            6613
 :arith-bound-propagations-lp 3619510
 :arith-conflicts             3586
 :arith-diseq                 3429557
 :arith-fixed-eqs             18813
 :arith-lower                 3657555
 :arith-make-feasible         335819
 :arith-max-columns           196
 :arith-max-rows              33
 :arith-upper                 4299604
 :binary-propagations         195235642
 :bv-bit2core                 2419833
 :bv-dynamic-diseqs           71584833
 :bv-dynamic-eqs              4
 :bv->core-eq                 1530
 :conflicts                   116888
 :decisions                   2318838
 :del-clause                  71721251
 :final-checks                97
 :max-memory                  130.38
 :maxsat-cores                12
 :memory                      125.24
 :minimized-lits              2797241
 :mk-bool-var                 531515
 :mk-clause                   71722499
 :mk-clause-binary            31855
 :num-allocs                  39412490316.00
 :num-checks                  130
 :pb-conflicts                7007
 :pb-predicates               6
 :pb-propagations             80684
 :pb-resolves                 1987
 :propagations                199432301
 :restarts                    624
 :rlimit-count                944245904
 :solve-eqs-elim-vars         24
 :solve-eqs-steps             62
 :time                        83.09
 :total-time                  82.71)
