sat
(
  (define-fun MemProv5 () Int
    256000)
  (define-fun PriceProv2 () Int
    4400)
  (define-fun ProcProv5 () Int
    64)
  (define-fun VM2Type () Int
    448)
  (define-fun VM5Type () Int
    448)
  (define-fun PriceProv6 () Int
    4400)
  (define-fun StorageProv7 () Int
    8000)
  (define-fun VM7Type () Int
    448)
  (define-fun ProcProv6 () Int
    64)
  (define-fun StorageProv9 () Int
    8000)
  (define-fun VM6Type () Int
    448)
  (define-fun MemProv3 () Int
    256000)
  (define-fun ProcProv7 () Int
    64)
  (define-fun PriceProv7 () Int
    4400)
  (define-fun VM9Type () Int
    448)
  (define-fun MemProv9 () Int
    256000)
  (define-fun MemProv2 () Int
    256000)
  (define-fun StorageProv6 () Int
    8000)
  (define-fun MemProv6 () Int
    256000)
  (define-fun ProcProv2 () Int
    64)
  (define-fun PriceProv9 () Int
    4400)
  (define-fun PriceProv3 () Int
    4400)
  (define-fun StorageProv5 () Int
    8000)
  (define-fun ProcProv9 () Int
    64)
  (define-fun StorageProv3 () Int
    8000)
  (define-fun MemProv7 () Int
    256000)
  (define-fun PriceProv5 () Int
    4400)
  (define-fun ProcProv3 () Int
    64)
  (define-fun StorageProv2 () Int
    8000)
  (define-fun VM3Type () Int
    448)
  (define-fun ProcProv1 () Int
    0)
  (define-fun MemProv1 () Int
    0)
  (define-fun StorageProv1 () Int
    0)
  (define-fun ProcProv4 () Int
    0)
  (define-fun MemProv4 () Int
    0)
  (define-fun StorageProv4 () Int
    0)
  (define-fun ProcProv8 () Int
    0)
  (define-fun MemProv8 () Int
    0)
  (define-fun StorageProv8 () Int
    0)
  (define-fun ProcProv10 () Int
    0)
  (define-fun MemProv10 () Int
    0)
  (define-fun StorageProv10 () Int
    0)
  (define-fun ProcProv11 () Int
    0)
  (define-fun MemProv11 () Int
    0)
  (define-fun StorageProv11 () Int
    0)
  (define-fun C7_VM10 () Int
    0)
  (define-fun C2_VM8 () Int
    0)
  (define-fun C1_VM4 () Int
    0)
  (define-fun C10_VM4 () Int
    0)
  (define-fun C8_VM1 () Int
    0)
  (define-fun C5_VM4 () Int
    0)
  (define-fun C9_VM3 () Int
    1)
  (define-fun C8_VM9 () Int
    1)
  (define-fun C6_VM6 () Int
    0)
  (define-fun C4_VM10 () Int
    0)
  (define-fun C4_VM2 () Int
    0)
  (define-fun C1_VM3 () Int
    0)
  (define-fun C8_VM7 () Int
    1)
  (define-fun C3_VM1 () Int
    0)
  (define-fun C6_VM7 () Int
    1)
  (define-fun C10_VM5 () Int
    0)
  (define-fun C6_VM11 () Int
    0)
  (define-fun C6_VM10 () Int
    0)
  (define-fun C4_VM1 () Int
    0)
  (define-fun C1_VM8 () Int
    0)
  (define-fun C4_VM11 () Int
    0)
  (define-fun C8_VM10 () Int
    0)
  (define-fun C2_VM11 () Int
    0)
  (define-fun C5_VM5 () Int
    1)
  (define-fun C10_VM8 () Int
    0)
  (define-fun C7_VM2 () Int
    0)
  (define-fun C7_VM3 () Int
    0)
  (define-fun C7_VM8 () Int
    0)
  (define-fun C2_VM5 () Int
    0)
  (define-fun C7_VM11 () Int
    0)
  (define-fun C9_VM8 () Int
    0)
  (define-fun C8_VM6 () Int
    1)
  (define-fun C3_VM7 () Int
    0)
  (define-fun PriceProv1 () Int
    0)
  (define-fun C9_VM1 () Int
    0)
  (define-fun C1_VM6 () Int
    0)
  (define-fun C6_VM8 () Int
    0)
  (define-fun C8_VM11 () Int
    0)
  (define-fun VM1Type () Int
    0)
  (define-fun C7_VM6 () Int
    0)
  (define-fun C5_VM3 () Int
    1)
  (define-fun PriceProv10 () Int
    0)
  (define-fun C9_VM4 () Int
    0)
  (define-fun C6_VM9 () Int
    0)
  (define-fun C10_VM6 () Int
    1)
  (define-fun C2_VM3 () Int
    0)
  (define-fun C3_VM9 () Int
    0)
  (define-fun C10_VM7 () Int
    0)
  (define-fun C7_VM9 () Int
    1)
  (define-fun C7_VM5 () Int
    0)
  (define-fun C3_VM8 () Int
    0)
  (define-fun C3_VM5 () Int
    0)
  (define-fun C9_VM2 () Int
    1)
  (define-fun C9_VM9 () Int
    1)
  (define-fun C3_VM2 () Int
    0)
  (define-fun C6_VM4 () Int
    0)
  (define-fun C9_VM5 () Int
    1)
  (define-fun C7_VM7 () Int
    0)
  (define-fun C3_VM3 () Int
    1)
  (define-fun PriceProv4 () Int
    0)
  (define-fun C10_VM2 () Int
    0)
  (define-fun C7_VM4 () Int
    0)
  (define-fun C5_VM1 () Int
    0)
  (define-fun C2_VM9 () Int
    0)
  (define-fun C1_VM5 () Int
    0)
  (define-fun C10_VM1 () Int
    0)
  (define-fun C7_VM1 () Int
    0)
  (define-fun C9_VM10 () Int
    0)
  (define-fun C4_VM7 () Int
    0)
  (define-fun C2_VM10 () Int
    0)
  (define-fun C10_VM3 () Int
    0)
  (define-fun C10_VM11 () Int
    0)
  (define-fun C9_VM11 () Int
    0)
  (define-fun C6_VM2 () Int
    0)
  (define-fun C1_VM7 () Int
    0)
  (define-fun C5_VM10 () Int
    0)
  (define-fun C2_VM7 () Int
    1)
  (define-fun C4_VM6 () Int
    0)
  (define-fun C1_VM9 () Int
    1)
  (define-fun C8_VM5 () Int
    1)
  (define-fun C6_VM1 () Int
    0)
  (define-fun C5_VM11 () Int
    0)
  (define-fun C5_VM7 () Int
    1)
  (define-fun C6_VM3 () Int
    0)
  (define-fun VM4Type () Int
    0)
  (define-fun C8_VM4 () Int
    0)
  (define-fun C2_VM6 () Int
    0)
  (define-fun C9_VM6 () Int
    1)
  (define-fun C4_VM9 () Int
    0)
  (define-fun PriceProv8 () Int
    0)
  (define-fun C3_VM11 () Int
    0)
  (define-fun VM8Type () Int
    0)
  (define-fun C5_VM8 () Int
    0)
  (define-fun C4_VM8 () Int
    0)
  (define-fun C1_VM11 () Int
    0)
  (define-fun C1_VM1 () Int
    0)
  (define-fun C2_VM4 () Int
    0)
  (define-fun C3_VM6 () Int
    0)
  (define-fun C4_VM5 () Int
    1)
  (define-fun C8_VM3 () Int
    1)
  (define-fun PriceProv11 () Int
    0)
  (define-fun C6_VM5 () Int
    0)
  (define-fun C5_VM2 () Int
    1)
  (define-fun VM10Type () Int
    0)
  (define-fun C8_VM2 () Int
    1)
  (define-fun C9_VM7 () Int
    1)
  (define-fun VM11Type () Int
    0)
  (define-fun C4_VM4 () Int
    0)
  (define-fun C3_VM4 () Int
    0)
  (define-fun C4_VM3 () Int
    0)
  (define-fun C1_VM2 () Int
    0)
  (define-fun C8_VM8 () Int
    0)
  (define-fun C3_VM10 () Int
    0)
  (define-fun C1_VM10 () Int
    0)
  (define-fun C10_VM10 () Int
    0)
  (define-fun C10_VM9 () Int
    0)
  (define-fun C5_VM9 () Int
    1)
  (define-fun C2_VM1 () Int
    0)
  (define-fun C5_VM6 () Int
    1)
  (define-fun C2_VM2 () Int
    1)
)
(objectives
 ((+ 0
   PriceProv1
   PriceProv2
   PriceProv3
   PriceProv4
   PriceProv5
   PriceProv6
   PriceProv7
   PriceProv8
   PriceProv9
   PriceProv10
   PriceProv11) 26400)
)
(:added-eqs                   200876
 :arith-eq-adapter            72909
 :arith-bound-propagations-lp 1575
 :arith-conflicts             6
 :arith-diseq                 74615
 :arith-lower                 17360
 :arith-make-feasible         27445
 :arith-max-columns           467
 :arith-max-rows              2
 :arith-upper                 132304
 :binary-propagations         67942
 :bv-bit2core                 20685
 :bv-dynamic-diseqs           19887
 :bv-dynamic-eqs              1
 :bv->core-eq                 4803
 :conflicts                   1643
 :decisions                   77431
 :del-clause                  19226
 :final-checks                37
 :max-memory                  81.94
 :memory                      79.76
 :minimized-lits              2244
 :mk-bool-var                 152332
 :mk-clause                   22765
 :mk-clause-binary            12671
 :num-allocs                  938219676
 :num-checks                  30
 :propagations                81822
 :restarts                    13
 :rlimit-count                5245800
 :solve-eqs-elim-vars         120
 :solve-eqs-steps             120
 :time                        0.96
 :total-time                  1.00)
