sat
(
  (define-fun C1_VM8 () Int
    0)
  (define-fun ProcProv7 () Int
    64)
  (define-fun C1_VM10 () Int
    0)
  (define-fun C2_VM3 () Int
    1)
  (define-fun C6_VM5 () Int
    0)
  (define-fun C10_VM9 () Int
    1)
  (define-fun C8_VM1 () Int
    1)
  (define-fun C6_VM6 () Int
    0)
  (define-fun MemProv4 () Int
    488000)
  (define-fun C3_VM11 () Int
    0)
  (define-fun C2_VM9 () Int
    0)
  (define-fun C2_VM7 () Int
    0)
  (define-fun PriceProv5 () Int
    0)
  (define-fun C3_VM2 () Int
    0)
  (define-fun C7_VM7 () Int
    0)
  (define-fun C3_VM3 () Int
    0)
  (define-fun ProcProv4 () Int
    64)
  (define-fun C3_VM8 () Int
    0)
  (define-fun C7_VM4 () Int
    0)
  (define-fun C4_VM7 () Int
    0)
  (define-fun C7_VM3 () Int
    0)
  (define-fun C6_VM7 () Int
    0)
  (define-fun C3_VM9 () Int
    0)
  (define-fun ProcProv3 () Int
    64)
  (define-fun C2_VM2 () Int
    0)
  (define-fun VM2Type () Int
    0)
  (define-fun PriceProv3 () Int
    9152)
  (define-fun VM6Type () Int
    0)
  (define-fun C4_VM6 () Int
    0)
  (define-fun C3_VM10 () Int
    0)
  (define-fun C8_VM6 () Int
    0)
  (define-fun StorageProv10 () Int
    8000)
  (define-fun C10_VM5 () Int
    0)
  (define-fun C10_VM10 () Int
    0)
  (define-fun C8_VM11 () Int
    0)
  (define-fun PriceProv9 () Int
    9152)
  (define-fun C8_VM2 () Int
    0)
  (define-fun MemProv7 () Int
    488000)
  (define-fun StorageProv9 () Int
    8000)
  (define-fun C8_VM9 () Int
    1)
  (define-fun ProcProv8 () Int
    64)
  (define-fun C1_VM9 () Int
    0)
  (define-fun C6_VM3 () Int
    0)
  (define-fun VM3Type () Int
    2)
  (define-fun C1_VM11 () Int
    0)
  (define-fun C2_VM10 () Int
    0)
  (define-fun C6_VM1 () Int
    0)
  (define-fun StorageProv8 () Int
    8000)
  (define-fun C6_VM2 () Int
    0)
  (define-fun VM5Type () Int
    0)
  (define-fun MemProv9 () Int
    488000)
  (define-fun C1_VM5 () Int
    0)
  (define-fun C8_VM7 () Int
    1)
  (define-fun C4_VM9 () Int
    0)
  (define-fun C6_VM8 () Int
    1)
  (define-fun ProcProv11 () Int
    65)
  (define-fun C8_VM3 () Int
    1)
  (define-fun C4_VM3 () Int
    0)
  (define-fun C8_VM8 () Int
    1)
  (define-fun VM4Type () Int
    2)
  (define-fun C10_VM3 () Int
    0)
  (define-fun C4_VM4 () Int
    1)
  (define-fun C10_VM11 () Int
    0)
  (define-fun MemProv10 () Int
    488000)
  (define-fun StorageProv7 () Int
    8000)
  (define-fun C7_VM5 () Int
    0)
  (define-fun C2_VM6 () Int
    0)
  (define-fun MemProv6 () Int
    488000)
  (define-fun C4_VM5 () Int
    0)
  (define-fun MemProv11 () Int
    976001)
  (define-fun C1_VM7 () Int
    0)
  (define-fun C1_VM6 () Int
    0)
  (define-fun C2_VM11 () Int
    0)
  (define-fun VM9Type () Int
    2)
  (define-fun PriceProv6 () Int
    0)
  (define-fun C2_VM8 () Int
    1)
  (define-fun C2_VM5 () Int
    0)
  (define-fun C7_VM6 () Int
    0)
  (define-fun C10_VM6 () Int
    0)
  (define-fun VM8Type () Int
    2)
  (define-fun ProcProv9 () Int
    64)
  (define-fun C1_VM2 () Int
    0)
  (define-fun C3_VM1 () Int
    0)
  (define-fun C4_VM10 () Int
    0)
  (define-fun C7_VM9 () Int
    0)
  (define-fun PriceProv8 () Int
    9152)
  (define-fun C2_VM4 () Int
    0)
  (define-fun PriceProv7 () Int
    9152)
  (define-fun C6_VM9 () Int
    0)
  (define-fun C6_VM4 () Int
    0)
  (define-fun C7_VM8 () Int
    0)
  (define-fun StorageProv11 () Int
    23999)
  (define-fun MemProv1 () Int
    488000)
  (define-fun ProcProv1 () Int
    64)
  (define-fun C8_VM5 () Int
    0)
  (define-fun C7_VM2 () Int
    0)
  (define-fun VM10Type () Int
    0)
  (define-fun C3_VM5 () Int
    0)
  (define-fun C10_VM8 () Int
    0)
  (define-fun C1_VM3 () Int
    0)
  (define-fun C8_VM4 () Int
    1)
  (define-fun C10_VM2 () Int
    0)
  (define-fun StorageProv2 () Int
    24001)
  (define-fun ProcProv5 () Int
    0)
  (define-fun C3_VM7 () Int
    1)
  (define-fun ProcProv6 () Int
    64)
  (define-fun ProcProv10 () Int
    64)
  (define-fun C7_VM10 () Int
    0)
  (define-fun C10_VM4 () Int
    0)
  (define-fun PriceProv11 () Int
    0)
  (define-fun C7_VM11 () Int
    0)
  (define-fun MemProv2 () Int
    244001)
  (define-fun StorageProv1 () Int
    8000)
  (define-fun C10_VM7 () Int
    0)
  (define-fun PriceProv1 () Int
    9152)
  (define-fun MemProv5 () Int
    1699)
  (define-fun VM7Type () Int
    2)
  (define-fun MemProv3 () Int
    488000)
  (define-fun PriceProv10 () Int
    0)
  (define-fun C6_VM11 () Int
    0)
  (define-fun C4_VM2 () Int
    0)
  (define-fun C4_VM11 () Int
    0)
  (define-fun StorageProv6 () Int
    8000)
  (define-fun C4_VM8 () Int
    0)
  (define-fun PriceProv4 () Int
    9152)
  (define-fun C2_VM1 () Int
    0)
  (define-fun C3_VM4 () Int
    0)
  (define-fun StorageProv5 () Int
    24001)
  (define-fun C1_VM4 () Int
    0)
  (define-fun C6_VM10 () Int
    0)
  (define-fun VM11Type () Int
    0)
  (define-fun C3_VM6 () Int
    0)
  (define-fun C1_VM1 () Int
    1)
  (define-fun StorageProv3 () Int
    8000)
  (define-fun C8_VM10 () Int
    0)
  (define-fun PriceProv2 () Int
    0)
  (define-fun ProcProv2 () Int
    65)
  (define-fun StorageProv4 () Int
    8000)
  (define-fun MemProv8 () Int
    488000)
  (define-fun VM1Type () Int
    2)
  (define-fun C4_VM1 () Int
    0)
  (define-fun C9_VM6 () Int
    0)
  (define-fun C9_VM11 () Int
    0)
  (define-fun C5_VM10 () Int
    0)
  (define-fun C9_VM5 () Int
    0)
  (define-fun C5_VM8 () Int
    1)
  (define-fun C9_VM7 () Int
    1)
  (define-fun C5_VM4 () Int
    1)
  (define-fun C5_VM11 () Int
    0)
  (define-fun C9_VM3 () Int
    1)
  (define-fun C9_VM8 () Int
    1)
  (define-fun C5_VM1 () Int
    1)
  (define-fun C5_VM7 () Int
    1)
  (define-fun C5_VM5 () Int
    0)
  (define-fun C9_VM1 () Int
    1)
  (define-fun C9_VM10 () Int
    0)
  (define-fun C5_VM9 () Int
    1)
  (define-fun C9_VM9 () Int
    1)
  (define-fun C5_VM6 () Int
    0)
  (define-fun C5_VM3 () Int
    1)
  (define-fun C7_VM1 () Int
    1)
  (define-fun C9_VM4 () Int
    1)
  (define-fun C5_VM2 () Int
    0)
  (define-fun C10_VM1 () Int
    0)
  (define-fun C9_VM2 () Int
    0)
)
(objectives
 ((+ C1_VM1
   C1_VM2
   C1_VM3
   C1_VM4
   C1_VM5
   C1_VM6
   C1_VM7
   C1_VM8
   C1_VM9
   C1_VM10
   C1_VM11
   C2_VM1
   C2_VM2
   C2_VM3
   C2_VM4
   C2_VM5
   C2_VM6
   C2_VM7
   C2_VM8
   C2_VM9
   C2_VM10
   C2_VM11
   C3_VM1
   C3_VM2
   C3_VM3
   C3_VM4
   C3_VM5
   C3_VM6
   C3_VM7
   C3_VM8
   C3_VM9
   C3_VM10
   C3_VM11
   C4_VM1
   C4_VM2
   C4_VM3
   C4_VM4
   C4_VM5
   C4_VM6
   C4_VM7
   C4_VM8
   C4_VM9
   C4_VM10
   C4_VM11
   C5_VM1
   C5_VM2
   C5_VM3
   C5_VM4
   C5_VM5
   C5_VM6
   C5_VM7
   C5_VM8
   C5_VM9
   C5_VM10
   C5_VM11
   C6_VM1
   C6_VM2
   C6_VM3
   C6_VM4
   C6_VM5
   C6_VM6
   C6_VM7
   C6_VM8
   C6_VM9
   C6_VM10
   C6_VM11
   C7_VM1
   C7_VM2
   C7_VM3
   C7_VM4
   C7_VM5
   C7_VM6
   C7_VM7
   C7_VM8
   C7_VM9
   C7_VM10
   C7_VM11
   C8_VM1
   C8_VM2
   C8_VM3
   C8_VM4
   C8_VM5
   C8_VM6
   C8_VM7
   C8_VM8
   C8_VM9
   C8_VM10
   C8_VM11
   C9_VM1
   C9_VM2
   C9_VM3
   C9_VM4
   C9_VM5
   C9_VM6
   C9_VM7
   C9_VM8
   C9_VM9
   C9_VM10
   C9_VM11
   C10_VM1
   C10_VM2
   C10_VM3
   C10_VM4
   C10_VM5
   C10_VM6
   C10_VM7
   C10_VM8
   C10_VM9
   C10_VM10
   C10_VM11) 26)
)
(:added-eqs                   7406722
 :arith-eq-adapter            8392
 :arith-bound-propagations-lp 2252746
 :arith-conflicts             3212
 :arith-diseq                 2709077
 :arith-fixed-eqs             22288
 :arith-lower                 3208228
 :arith-make-feasible         288311
 :arith-max-columns           184
 :arith-max-rows              33
 :arith-upper                 3295166
 :binary-propagations         29646890
 :bv-bit2core                 1982184
 :bv-dynamic-diseqs           2320
 :conflicts                   113293
 :decisions                   218134
 :del-clause                  129911
 :final-checks                97
 :max-memory                  58.16
 :maxsat-cores                12
 :memory                      52.54
 :minimized-lits              705915
 :mk-bool-var                 19248
 :mk-clause                   132192
 :mk-clause-binary            6506
 :num-allocs                  12083807724.00
 :num-checks                  127
 :pb-conflicts                10948
 :pb-predicates               402
 :pb-propagations             573466
 :pb-resolves                 2720
 :propagations                35630586
 :restarts                    607
 :rlimit-count                155641982
 :solve-eqs-elim-vars         24
 :solve-eqs-steps             62
 :time                        7.75
 :total-time                  7.75)
