unsat
(error "line 24469 column 10: model is not available")
(objectives
 ((+ 0
   PriceProv1
   PriceProv2
   PriceProv3
   PriceProv4
   PriceProv5
   PriceProv6
   PriceProv7
   PriceProv8) 0)
)
(:max-memory   41.80
 :memory       39.86
 :num-allocs   4319090
 :rlimit-count 160866
 :time         0.00
 :total-time   0.05)
