sat
(
  (define-fun C4_VM3 () Int
    0)
  (define-fun C1_VM8 () Int
    0)
  (define-fun C3_VM5 () Int
    0)
  (define-fun C4_VM5 () Int
    0)
  (define-fun C5_VM4 () Int
    0)
  (define-fun C4_VM6 () Int
    0)
  (define-fun C1_VM3 () Int
    0)
  (define-fun C4_VM1 () Int
    1)
  (define-fun PriceProv2 () Int
    210)
  (define-fun PriceProv6 () Int
    116)
  (define-fun StorageProv5 () Int
    2000)
  (define-fun VM6Type () Int
    433)
  (define-fun VM7Type () Int
    433)
  (define-fun MemProv6 () Int
    3750)
  (define-fun C3_VM1 () Int
    0)
  (define-fun PriceProv7 () Int
    116)
  (define-fun C1_VM1 () Int
    0)
  (define-fun VM3Type () Int
    433)
  (define-fun C1_VM6 () Int
    1)
  (define-fun C2_VM7 () Int
    0)
  (define-fun C3_VM3 () Int
    0)
  (define-fun StorageProv3 () Int
    2000)
  (define-fun StorageProv4 () Int
    2000)
  (define-fun VM2Type () Int
    341)
  (define-fun PriceProv3 () Int
    116)
  (define-fun PriceProv1 () Int
    210)
  (define-fun ProcProv5 () Int
    2)
  (define-fun MemProv8 () Int
    7500)
  (define-fun VM5Type () Int
    433)
  (define-fun VM1Type () Int
    341)
  (define-fun VM8Type () Int
    341)
  (define-fun ProcProv8 () Int
    4)
  (define-fun C4_VM2 () Int
    0)
  (define-fun C2_VM8 () Int
    0)
  (define-fun C4_VM4 () Int
    0)
  (define-fun C1_VM2 () Int
    0)
  (define-fun PriceProv5 () Int
    116)
  (define-fun StorageProv1 () Int
    2000)
  (define-fun C4_VM8 () Int
    0)
  (define-fun C5_VM1 () Int
    0)
  (define-fun StorageProv6 () Int
    2000)
  (define-fun PriceProv8 () Int
    210)
  (define-fun ProcProv3 () Int
    2)
  (define-fun StorageProv7 () Int
    2000)
  (define-fun C2_VM3 () Int
    1)
  (define-fun C5_VM2 () Int
    1)
  (define-fun C5_VM3 () Int
    0)
  (define-fun MemProv2 () Int
    7500)
  (define-fun MemProv5 () Int
    3750)
  (define-fun VM4Type () Int
    433)
  (define-fun ProcProv4 () Int
    2)
  (define-fun C4_VM7 () Int
    0)
  (define-fun C3_VM4 () Int
    0)
  (define-fun MemProv1 () Int
    7500)
  (define-fun C2_VM4 () Int
    0)
  (define-fun C3_VM8 () Int
    0)
  (define-fun MemProv4 () Int
    3750)
  (define-fun StorageProv8 () Int
    2000)
  (define-fun C1_VM5 () Int
    0)
  (define-fun C2_VM2 () Int
    0)
  (define-fun C1_VM7 () Int
    1)
  (define-fun MemProv3 () Int
    3750)
  (define-fun C3_VM6 () Int
    0)
  (define-fun ProcProv7 () Int
    2)
  (define-fun C2_VM1 () Int
    0)
  (define-fun C3_VM2 () Int
    0)
  (define-fun C5_VM6 () Int
    0)
  (define-fun ProcProv1 () Int
    4)
  (define-fun C5_VM5 () Int
    0)
  (define-fun ProcProv2 () Int
    4)
  (define-fun ProcProv6 () Int
    2)
  (define-fun C5_VM8 () Int
    1)
  (define-fun PriceProv4 () Int
    116)
  (define-fun C1_VM4 () Int
    1)
  (define-fun StorageProv2 () Int
    2000)
  (define-fun C5_VM7 () Int
    0)
  (define-fun C2_VM5 () Int
    1)
  (define-fun C3_VM7 () Int
    0)
  (define-fun C2_VM6 () Int
    0)
  (define-fun MemProv7 () Int
    3750)
)
(objectives
 ((+ 0
   PriceProv1
   PriceProv2
   PriceProv3
   PriceProv4
   PriceProv5
   PriceProv6
   PriceProv7
   PriceProv8) 1210)
)
(:added-eqs                   32406815
 :arith-eq-adapter            139209
 :arith-bound-propagations-lp 137503337
 :arith-conflicts             28821
 :arith-diseq                 64169679
 :arith-fixed-eqs             46837
 :arith-lower                 87989935
 :arith-make-feasible         780281
 :arith-max-columns           591
 :arith-max-rows              26
 :arith-upper                 40711448
 :binary-propagations         119913966
 :bv-bit2core                 777433
 :bv-dynamic-diseqs           57917944
 :bv-dynamic-eqs              2
 :bv->core-eq                 2337
 :conflicts                   192304
 :decisions                   1649038
 :del-clause                  58194968
 :final-checks                189
 :max-memory                  131.22
 :memory                      110.44
 :minimized-lits              39236786
 :mk-bool-var                 429097
 :mk-clause                   58195481
 :mk-clause-binary            19261
 :num-allocs                  146305111020.00
 :num-checks                  145
 :pb-conflicts                5349
 :pb-predicates               7
 :pb-propagations             148168
 :pb-resolves                 4852
 :propagations                290758537
 :restarts                    885
 :rlimit-count                1738576790
 :time                        119.29
 :total-time                  119.29)
